// Jest Snapshot v1, https://goo.gl/fbAQLP

exports[`pruebas en GifItem debe de hacer match con el snapshot 1`] = `
<div>
  <div
    class="card"
  >
    <img
      alt="Saitama"
      src="https://media1.giphy.com/media/l0Hl6qZqQXqQ/200w.gif"
    />
    <p>
      Saitama
    </p>
  </div>
</div>
`;
